// Jest Snapshot v1, https://goo.gl/fbAQLP

exports[`should throw if queue is full 1`] = `"Queue is full."`;
